[2026-01-15T15:55:33.374288] Error in category Lead management: Page.goto: Timeout 60000ms exceeded.
Call log:
  - navigating to "https://zapier.com/templates/lead-management", waiting until "networkidle"

[2026-01-15T15:56:52.742978] Error in category Marketing campaigns: Page.goto: Timeout 60000ms exceeded.
Call log:
  - navigating to "https://zapier.com/templates/marketing-campaigns", waiting until "networkidle"

[2026-01-15T15:57:54.752458] Error in category Customer support: Page.goto: Timeout 60000ms exceeded.
Call log:
  - navigating to "https://zapier.com/templates/customer-support", waiting until "networkidle"

[2026-01-15T15:58:56.765449] Error in category Data management: Page.goto: Timeout 60000ms exceeded.
Call log:
  - navigating to "https://zapier.com/templates/data-management", waiting until "networkidle"

[2026-01-15T15:59:58.772467] Error in category Project management: Page.goto: Timeout 60000ms exceeded.
Call log:
  - navigating to "https://zapier.com/templates/project-management", waiting until "networkidle"

